sv CLEANUP
sv RUN
sv WAIT_STARTED
sv SIGNAL_PARENT
sv SHUTDOWN
sv CLEANUP
