sv CLEANUP
sv RUN
sv WAIT_STARTED
lifecycle START_COMPLETE
lifecycle RESTART
sv CLEANUP
sv RUN
sv WAIT_STARTED
sv CLEANUP
lifecycle FAILURE
