sv CLEANUP
sv RUN
sv WAIT_STARTED
sv CHECK
sv CLEANUP
