sv3 CLEANUP
sv2 CLEANUP
sv1 CLEANUP
sv1 RUN
sv1 WAIT_STARTED
sv2 RUN
sv2 WAIT_STARTED
sv3 RUN
sv3 WAIT_STARTED
sv1 CHECK
sv2 CHECK
sv3 CHECK
sv3 SHUTDOWN
sv3 CLEANUP
sv2 SHUTDOWN
sv2 CLEANUP
sv1 SHUTDOWN
sv1 CLEANUP
