sv CLEANUP
sv RUN
sv WAIT_STARTED
sv CHECK
sv SHUTDOWN
sv SHUTDOWN NOOP
sv CLEANUP
