sv CLEANUP
sv RUN
sv WAIT_STARTED
sv SHUTDOWN
sv CLEANUP
